******************************************************************************
             TMS320C2000 Linker PC v19.6.0                     
******************************************************************************
>> Linked Tue Feb 25 17:33:40 2020

OUTPUT FILE NAME:   <Lab2.out>
ENTRY POINT SYMBOL: "_c_int00"  address: 00008cf7


MEMORY CONFIGURATION

         name            origin    length      used     unused   attr    fill
----------------------  --------  ---------  --------  --------  ----  --------
PAGE 0:
  BEGIN                 00000000   00000002  00000002  00000000  RWIX
  RAMM0                 00000050   000003b0  0000007f  00000331  RWIX
  RAML0_L3              00008000   00002000  00000e16  000011ea  RWIX
  FPUTABLES             003fd860   000006a0  00000000  000006a0  RWIX
  IQTABLES              003fdf00   00000b50  00000000  00000b50  RWIX
  IQTABLES2             003fea50   0000008c  00000000  0000008c  RWIX
  IQTABLES3             003feadc   000000aa  00000000  000000aa  RWIX
  BOOTROM               003ff3b0   00000c10  00000000  00000c10  RWIX
  RESET                 003fffc0   00000002  00000000  00000002  RWIX

PAGE 1:
  BOOT_RSVD             00000002   0000004e  00000000  0000004e  RWIX
  RAMM1                 00000400   00000400  00000300  00000100  RWIX
  DEV_EMU               00000880   00000105  00000004  00000101  RWIX
  SYS_PWR_CTL           00000985   00000003  00000003  00000000  RWIX
  FLASH_REGS            00000a80   00000060  00000008  00000058  RWIX
  CSM                   00000ae0   00000020  00000010  00000010  RWIX
  ADC_RESULT            00000b00   00000020  00000010  00000010  RWIX
  CPU_TIMER0            00000c00   00000008  00000008  00000000  RWIX
  CPU_TIMER1            00000c08   00000008  00000008  00000000  RWIX
  CPU_TIMER2            00000c10   00000008  00000008  00000000  RWIX
  PIE_CTRL              00000ce0   00000020  0000001a  00000006  RWIX
  PIE_VECT              00000d00   00000100  00000100  00000000  RWIX
  DMA                   00001000   00000200  000000e0  00000120  RWIX
  CLA1                  00001400   00000080  00000040  00000040  RWIX
  USB0                  00004000   00001000  00000454  00000bac  RWIX
  McBSPA                00005000   00000040  00000024  0000001c  RWIX
  ECANA                 00006000   00000040  00000034  0000000c  RWIX
  ECANA_LAM             00006040   00000040  00000040  00000000  RWIX
  ECANA_MOTS            00006080   00000040  00000040  00000000  RWIX
  ECANA_MOTO            000060c0   00000040  00000040  00000000  RWIX
  ECANA_MBOX            00006100   00000100  00000100  00000000  RWIX
  COMP1                 00006400   00000020  00000014  0000000c  RWIX
  COMP2                 00006420   00000020  00000014  0000000c  RWIX
  COMP3                 00006440   00000020  00000014  0000000c  RWIX
  EPWM1                 00006800   00000040  00000040  00000000  RWIX
  EPWM2                 00006840   00000040  00000040  00000000  RWIX
  EPWM3                 00006880   00000040  00000040  00000000  RWIX
  EPWM4                 000068c0   00000040  00000040  00000000  RWIX
  EPWM5                 00006900   00000040  00000040  00000000  RWIX
  EPWM6                 00006940   00000040  00000040  00000000  RWIX
  EPWM7                 00006980   00000040  00000040  00000000  RWIX
  EPWM8                 000069c0   00000040  00000040  00000000  RWIX
  ECAP1                 00006a00   00000020  00000020  00000000  RWIX
  ECAP2                 00006a20   00000020  00000020  00000000  RWIX
  ECAP3                 00006a40   00000020  00000020  00000000  RWIX
  HRCAP1                00006ac0   00000020  00000020  00000000  RWIX
  HRCAP2                00006ae0   00000020  00000020  00000000  RWIX
  EQEP1                 00006b00   00000040  00000022  0000001e  RWIX
  EQEP2                 00006b40   00000040  00000022  0000001e  RWIX
  HRCAP3                00006c80   00000020  00000020  00000000  RWIX
  HRCAP4                00006ca0   00000020  00000020  00000000  RWIX
  GPIOCTRL              00006f80   00000040  00000040  00000000  RWIX
  GPIODAT               00006fc0   00000020  00000020  00000000  RWIX
  GPIOINT               00006fe0   00000020  00000020  00000000  RWIX
  SYSTEM                00007010   00000030  00000030  00000000  RWIX
  SPIA                  00007040   00000010  00000010  00000000  RWIX
  SCIA                  00007050   00000010  00000010  00000000  RWIX
  NMIINTRUPT            00007060   00000010  00000010  00000000  RWIX
  XINTRUPT              00007070   00000010  00000010  00000000  RWIX
  ADC                   00007100   00000080  00000050  00000030  RWIX
  SPIB                  00007740   00000010  00000010  00000000  RWIX
  SCIB                  00007750   00000010  00000010  00000000  RWIX
  I2CA                  00007900   00000040  00000022  0000001e  RWIX
  RAML4                 0000a000   00002000  0000016c  00001e94  RWIX
  RAML5                 0000c000   00002000  00000000  00002000  RWIX
  RAML6                 0000e000   00002000  00000000  00002000  RWIX
  RAML7                 00010000   00002000  00000000  00002000  RWIX
  RAML8                 00012000   00002000  00000000  00002000  RWIX
  USB_RAM               00040000   00000800  00000000  00000800  RWIX
  PARTID                003d7e80   00000001  00000001  00000000  RWIX
  CSM_PWL               003f7ff8   00000008  00000008  00000000  RWIX


SECTION ALLOCATION MAP

 output                                  attributes/
section   page    origin      length       input sections
--------  ----  ----------  ----------   ----------------
codestart 
*          0    00000000    00000002     
                  00000000    00000002     F2806x_CodeStartBranch.obj (codestart)

.cinit     0    00000050    0000007b     
                  00000050    00000061     main.obj (.cinit)
                  000000b1    0000000e     rts2800_fpu32.lib : exit.c.obj (.cinit)
                  000000bf    00000005                       : _lock.c.obj (.cinit:__lock)
                  000000c4    00000005                       : _lock.c.obj (.cinit:__unlock)
                  000000c9    00000002     --HOLE-- [fill = 0]

ramfuncs   0    000000cb    00000004     
                  000000cb    00000004     F2806x_usDelay.obj (ramfuncs)

.text      0    00008000    00000e16     
                  00008000    0000039b     F2806x_DefaultIsr.obj (.text:retain)
                  0000839b    00000325     main.obj (.text)
                  000086c0    0000023f     main.obj (.text:retain)
                  000088ff    000001e2     F2806x_Adc.obj (.text)
                  00008ae1    0000018e     F2806x_SysCtrl.obj (.text)
                  00008c6f    00000088     rts2800_fpu32.lib : fs_div28.asm.obj (.text)
                  00008cf7    00000056                       : boot28.asm.obj (.text)
                  00008d4d    00000029                       : exit.c.obj (.text)
                  00008d76    00000028     F2806x_PieCtrl.obj (.text)
                  00008d9e    00000024     rts2800_fpu32.lib : cpy_tbl.c.obj (.text)
                  00008dc2    0000001d                       : memcpy.c.obj (.text)
                  00008ddf    00000012                       : args_main.c.obj (.text)
                  00008df1    00000011     F2806x_PieVect.obj (.text)
                  00008e02    00000009     rts2800_fpu32.lib : _lock.c.obj (.text)
                  00008e0b    00000008     F2806x_CodeStartBranch.obj (.text)
                  00008e13    00000002     rts2800_fpu32.lib : pre_init.c.obj (.text)
                  00008e15    00000001                       : startup.c.obj (.text)

.pinit     0    00000050    00000000     UNINITIALIZED

.reset     0    003fffc0    00000002     DSECT
                  003fffc0    00000002     rts2800_fpu32.lib : boot28.asm.obj (.reset)

.stack     1    00000400    00000300     UNINITIALIZED
                  00000400    00000300     --HOLE--

DevEmuRegsFile 
*          1    00000880    00000004     UNINITIALIZED
                  00000880    00000004     F2806x_GlobalVariableDefs.obj (DevEmuRegsFile)

SysPwrCtrlRegsFile 
*          1    00000985    00000003     UNINITIALIZED
                  00000985    00000003     F2806x_GlobalVariableDefs.obj (SysPwrCtrlRegsFile)

FlashRegsFile 
*          1    00000a80    00000008     UNINITIALIZED
                  00000a80    00000008     F2806x_GlobalVariableDefs.obj (FlashRegsFile)

CsmRegsFile 
*          1    00000ae0    00000010     UNINITIALIZED
                  00000ae0    00000010     F2806x_GlobalVariableDefs.obj (CsmRegsFile)

AdcResultFile 
*          1    00000b00    00000010     UNINITIALIZED
                  00000b00    00000010     F2806x_GlobalVariableDefs.obj (AdcResultFile)

CpuTimer0RegsFile 
*          1    00000c00    00000008     UNINITIALIZED
                  00000c00    00000008     F2806x_GlobalVariableDefs.obj (CpuTimer0RegsFile)

CpuTimer1RegsFile 
*          1    00000c08    00000008     UNINITIALIZED
                  00000c08    00000008     F2806x_GlobalVariableDefs.obj (CpuTimer1RegsFile)

CpuTimer2RegsFile 
*          1    00000c10    00000008     UNINITIALIZED
                  00000c10    00000008     F2806x_GlobalVariableDefs.obj (CpuTimer2RegsFile)

PieCtrlRegsFile 
*          1    00000ce0    0000001a     UNINITIALIZED
                  00000ce0    0000001a     F2806x_GlobalVariableDefs.obj (PieCtrlRegsFile)

DmaRegsFile 
*          1    00001000    000000e0     UNINITIALIZED
                  00001000    000000e0     F2806x_GlobalVariableDefs.obj (DmaRegsFile)

Usb0RegsFile 
*          1    00004000    00000454     UNINITIALIZED
                  00004000    00000454     F2806x_GlobalVariableDefs.obj (Usb0RegsFile)

McbspaRegsFile 
*          1    00005000    00000024     UNINITIALIZED
                  00005000    00000024     F2806x_GlobalVariableDefs.obj (McbspaRegsFile)

ECanaMOTSRegsFile 
*          1    00006080    00000040     UNINITIALIZED
                  00006080    00000040     F2806x_GlobalVariableDefs.obj (ECanaMOTSRegsFile)

ECanaMOTORegsFile 
*          1    000060c0    00000040     UNINITIALIZED
                  000060c0    00000040     F2806x_GlobalVariableDefs.obj (ECanaMOTORegsFile)

Comp1RegsFile 
*          1    00006400    00000014     UNINITIALIZED
                  00006400    00000014     F2806x_GlobalVariableDefs.obj (Comp1RegsFile)

Comp2RegsFile 
*          1    00006420    00000014     UNINITIALIZED
                  00006420    00000014     F2806x_GlobalVariableDefs.obj (Comp2RegsFile)

Comp3RegsFile 
*          1    00006440    00000014     UNINITIALIZED
                  00006440    00000014     F2806x_GlobalVariableDefs.obj (Comp3RegsFile)

EPwm1RegsFile 
*          1    00006800    00000040     UNINITIALIZED
                  00006800    00000040     F2806x_GlobalVariableDefs.obj (EPwm1RegsFile)

EPwm2RegsFile 
*          1    00006840    00000040     UNINITIALIZED
                  00006840    00000040     F2806x_GlobalVariableDefs.obj (EPwm2RegsFile)

EPwm3RegsFile 
*          1    00006880    00000040     UNINITIALIZED
                  00006880    00000040     F2806x_GlobalVariableDefs.obj (EPwm3RegsFile)

EPwm4RegsFile 
*          1    000068c0    00000040     UNINITIALIZED
                  000068c0    00000040     F2806x_GlobalVariableDefs.obj (EPwm4RegsFile)

EPwm5RegsFile 
*          1    00006900    00000040     UNINITIALIZED
                  00006900    00000040     F2806x_GlobalVariableDefs.obj (EPwm5RegsFile)

EPwm6RegsFile 
*          1    00006940    00000040     UNINITIALIZED
                  00006940    00000040     F2806x_GlobalVariableDefs.obj (EPwm6RegsFile)

EPwm7RegsFile 
*          1    00006980    00000040     UNINITIALIZED
                  00006980    00000040     F2806x_GlobalVariableDefs.obj (EPwm7RegsFile)

EPwm8RegsFile 
*          1    000069c0    00000040     UNINITIALIZED
                  000069c0    00000040     F2806x_GlobalVariableDefs.obj (EPwm8RegsFile)

HRCap1RegsFile 
*          1    00006ac0    00000020     UNINITIALIZED
                  00006ac0    00000020     F2806x_GlobalVariableDefs.obj (HRCap1RegsFile)

HRCap2RegsFile 
*          1    00006ae0    00000020     UNINITIALIZED
                  00006ae0    00000020     F2806x_GlobalVariableDefs.obj (HRCap2RegsFile)

HRCap3RegsFile 
*          1    00006c80    00000020     UNINITIALIZED
                  00006c80    00000020     F2806x_GlobalVariableDefs.obj (HRCap3RegsFile)

HRCap4RegsFile 
*          1    00006ca0    00000020     UNINITIALIZED
                  00006ca0    00000020     F2806x_GlobalVariableDefs.obj (HRCap4RegsFile)

SciaRegsFile 
*          1    00007050    00000010     UNINITIALIZED
                  00007050    00000010     F2806x_GlobalVariableDefs.obj (SciaRegsFile)

NmiIntruptRegsFile 
*          1    00007060    00000010     UNINITIALIZED
                  00007060    00000010     F2806x_GlobalVariableDefs.obj (NmiIntruptRegsFile)

XIntruptRegsFile 
*          1    00007070    00000010     UNINITIALIZED
                  00007070    00000010     F2806x_GlobalVariableDefs.obj (XIntruptRegsFile)

AdcRegsFile 
*          1    00007100    00000050     UNINITIALIZED
                  00007100    00000050     F2806x_GlobalVariableDefs.obj (AdcRegsFile)

.econst    1    0000a000    00000100     
                  0000a000    00000100     F2806x_PieVect.obj (.econst:_PieVectTableInit)

.ebss      1    0000a100    0000006c     UNINITIALIZED
                  0000a100    0000004a     main.obj (.ebss)
                  0000a14a    00000018     F2806x_CpuTimers.obj (.ebss)
                  0000a162    00000006     rts2800_fpu32.lib : exit.c.obj (.ebss)
                  0000a168    00000002                       : _lock.c.obj (.ebss:__lock)
                  0000a16a    00000002                       : _lock.c.obj (.ebss:__unlock)

PieVectTableFile 
*          1    00000d00    00000100     UNINITIALIZED
                  00000d00    00000100     F2806x_GlobalVariableDefs.obj (PieVectTableFile)

EmuKeyVar 
*          1    00000d00    00000001     UNINITIALIZED
                  00000d00    00000001     F2806x_GlobalVariableDefs.obj (EmuKeyVar)

EmuBModeVar 
*          1    00000d01    00000001     UNINITIALIZED
                  00000d01    00000001     F2806x_GlobalVariableDefs.obj (EmuBModeVar)

FlashCallbackVar 
*          1    00000d02    00000002     UNINITIALIZED
                  00000d02    00000002     F2806x_GlobalVariableDefs.obj (FlashCallbackVar)

FlashScalingVar 
*          1    00000d04    00000002     UNINITIALIZED
                  00000d04    00000002     F2806x_GlobalVariableDefs.obj (FlashScalingVar)

Cla1RegsFile 
*          1    00001400    00000040     UNINITIALIZED
                  00001400    00000040     F2806x_GlobalVariableDefs.obj (Cla1RegsFile)

ECanaRegsFile 
*          1    00006000    00000034     UNINITIALIZED
                  00006000    00000034     F2806x_GlobalVariableDefs.obj (ECanaRegsFile)

ECanaLAMRegsFile 
*          1    00006040    00000040     UNINITIALIZED
                  00006040    00000040     F2806x_GlobalVariableDefs.obj (ECanaLAMRegsFile)

ECanaMboxesFile 
*          1    00006100    00000100     UNINITIALIZED
                  00006100    00000100     F2806x_GlobalVariableDefs.obj (ECanaMboxesFile)

ECap1RegsFile 
*          1    00006a00    00000020     UNINITIALIZED
                  00006a00    00000020     F2806x_GlobalVariableDefs.obj (ECap1RegsFile)

ECap2RegsFile 
*          1    00006a20    00000020     UNINITIALIZED
                  00006a20    00000020     F2806x_GlobalVariableDefs.obj (ECap2RegsFile)

ECap3RegsFile 
*          1    00006a40    00000020     UNINITIALIZED
                  00006a40    00000020     F2806x_GlobalVariableDefs.obj (ECap3RegsFile)

EQep1RegsFile 
*          1    00006b00    00000022     UNINITIALIZED
                  00006b00    00000022     F2806x_GlobalVariableDefs.obj (EQep1RegsFile)

EQep2RegsFile 
*          1    00006b40    00000022     UNINITIALIZED
                  00006b40    00000022     F2806x_GlobalVariableDefs.obj (EQep2RegsFile)

GpioCtrlRegsFile 
*          1    00006f80    00000040     UNINITIALIZED
                  00006f80    00000040     F2806x_GlobalVariableDefs.obj (GpioCtrlRegsFile)

GpioDataRegsFile 
*          1    00006fc0    00000020     UNINITIALIZED
                  00006fc0    00000020     F2806x_GlobalVariableDefs.obj (GpioDataRegsFile)

GpioIntRegsFile 
*          1    00006fe0    00000020     UNINITIALIZED
                  00006fe0    00000020     F2806x_GlobalVariableDefs.obj (GpioIntRegsFile)

SysCtrlRegsFile 
*          1    00007010    00000030     UNINITIALIZED
                  00007010    00000030     F2806x_GlobalVariableDefs.obj (SysCtrlRegsFile)

SpiaRegsFile 
*          1    00007040    00000010     UNINITIALIZED
                  00007040    00000010     F2806x_GlobalVariableDefs.obj (SpiaRegsFile)

SpibRegsFile 
*          1    00007740    00000010     UNINITIALIZED
                  00007740    00000010     F2806x_GlobalVariableDefs.obj (SpibRegsFile)

ScibRegsFile 
*          1    00007750    00000010     UNINITIALIZED
                  00007750    00000010     F2806x_GlobalVariableDefs.obj (ScibRegsFile)

I2caRegsFile 
*          1    00007900    00000022     UNINITIALIZED
                  00007900    00000022     F2806x_GlobalVariableDefs.obj (I2caRegsFile)

PartIdRegsFile 
*          1    003d7e80    00000001     UNINITIALIZED
                  003d7e80    00000001     F2806x_GlobalVariableDefs.obj (PartIdRegsFile)

CsmPwlFile 
*          1    003f7ff8    00000008     UNINITIALIZED
                  003f7ff8    00000008     F2806x_GlobalVariableDefs.obj (CsmPwlFile)

MODULE SUMMARY

       Module                          code   initialized data   uninitialized data
       ------                          ----   ----------------   ------------------
    .\
       F2806x_GlobalVariableDefs.obj   0      0                  3550              
       main.obj                        1380   97                 74                
       F2806x_DefaultIsr.obj           923    0                  0                 
       F2806x_Adc.obj                  482    0                  0                 
       F2806x_SysCtrl.obj              398    0                  0                 
       F2806x_PieVect.obj              17     256                0                 
       F2806x_PieCtrl.obj              40     0                  0                 
       F2806x_CpuTimers.obj            0      0                  24                
       F2806x_CodeStartBranch.obj      10     0                  0                 
       F2806x_usDelay.obj              4      0                  0                 
    +--+-------------------------------+------+------------------+--------------------+
       Total:                          3254   353                3648              
                                                                                   
    C:\ti\ccsv8\tools\compiler\ti-cgt-c2000_19.6.0.STS\lib\rts2800_fpu32.lib
       fs_div28.asm.obj                136    0                  0                 
       boot28.asm.obj                  86     0                  0                 
       exit.c.obj                      41     14                 6                 
       cpy_tbl.c.obj                   36     0                  0                 
       memcpy.c.obj                    29     0                  0                 
       _lock.c.obj                     9      10                 4                 
       args_main.c.obj                 18     0                  0                 
       pre_init.c.obj                  2      0                  0                 
       startup.c.obj                   1      0                  0                 
    +--+-------------------------------+------+------------------+--------------------+
       Total:                          358    24                 10                
                                                                                   
       Stack:                          0      0                  768               
    +--+-------------------------------+------+------------------+--------------------+
       Grand Total:                    3612   377                4426              


GLOBAL DATA SYMBOLS: SORTED BY DATA PAGE

address     data page           name
--------    ----------------    ----
00000400      10 (00000400)     __stack

00000880      22 (00000880)     _DevEmuRegs

00000985      26 (00000980)     _SysPwrCtrlRegs

00000a80      2a (00000a80)     _FlashRegs

00000ae0      2b (00000ac0)     _CsmRegs

00000b00      2c (00000b00)     _AdcResult

00000c00      30 (00000c00)     _CpuTimer0Regs
00000c08      30 (00000c00)     _CpuTimer1Regs
00000c10      30 (00000c00)     _CpuTimer2Regs

00000ce0      33 (00000cc0)     _PieCtrlRegs

00000d00      34 (00000d00)     _EmuKey
00000d00      34 (00000d00)     _PieVectTable
00000d01      34 (00000d00)     _EmuBMode
00000d02      34 (00000d00)     _Flash_CallbackPtr
00000d04      34 (00000d00)     _Flash_CPUScaleFactor

00001000      40 (00001000)     _DmaRegs

00001400      50 (00001400)     _Cla1Regs

00004000     100 (00004000)     _Usb0Regs

00005000     140 (00005000)     _McbspaRegs

00006000     180 (00006000)     _ECanaRegs

00006040     181 (00006040)     _ECanaLAMRegs

00006080     182 (00006080)     _ECanaMOTSRegs

000060c0     183 (000060c0)     _ECanaMOTORegs

00006100     184 (00006100)     _ECanaMboxes

00006400     190 (00006400)     _Comp1Regs
00006420     190 (00006400)     _Comp2Regs

00006440     191 (00006440)     _Comp3Regs

00006800     1a0 (00006800)     _EPwm1Regs

00006840     1a1 (00006840)     _EPwm2Regs

00006880     1a2 (00006880)     _EPwm3Regs

000068c0     1a3 (000068c0)     _EPwm4Regs

00006900     1a4 (00006900)     _EPwm5Regs

00006940     1a5 (00006940)     _EPwm6Regs

00006980     1a6 (00006980)     _EPwm7Regs

000069c0     1a7 (000069c0)     _EPwm8Regs

00006a00     1a8 (00006a00)     _ECap1Regs
00006a20     1a8 (00006a00)     _ECap2Regs

00006a40     1a9 (00006a40)     _ECap3Regs

00006ac0     1ab (00006ac0)     _HRCap1Regs
00006ae0     1ab (00006ac0)     _HRCap2Regs

00006b00     1ac (00006b00)     _EQep1Regs

00006b40     1ad (00006b40)     _EQep2Regs

00006c80     1b2 (00006c80)     _HRCap3Regs
00006ca0     1b2 (00006c80)     _HRCap4Regs

00006f80     1be (00006f80)     _GpioCtrlRegs

00006fc0     1bf (00006fc0)     _GpioDataRegs
00006fe0     1bf (00006fc0)     _GpioIntRegs

00007010     1c0 (00007000)     _SysCtrlRegs

00007040     1c1 (00007040)     _SpiaRegs
00007050     1c1 (00007040)     _SciaRegs
00007060     1c1 (00007040)     _NmiIntruptRegs
00007070     1c1 (00007040)     _XIntruptRegs

00007100     1c4 (00007100)     _AdcRegs

00007740     1dd (00007740)     _SpibRegs
00007750     1dd (00007740)     _ScibRegs

00007900     1e4 (00007900)     _I2caRegs

0000a000     280 (0000a000)     _PieVectTableInit

0000a100     284 (0000a100)     _ptest
0000a101     284 (0000a100)     _HallCount
0000a102     284 (0000a100)     _previous3pos
0000a104     284 (0000a100)     _d_0
0000a106     284 (0000a100)     _d_1
0000a108     284 (0000a100)     _te
0000a10a     284 (0000a100)     _te_1
0000a10c     284 (0000a100)     _i_0
0000a10e     284 (0000a100)     _i_1
0000a110     284 (0000a100)     _ve
0000a112     284 (0000a100)     _ve_1
0000a114     284 (0000a100)     _test
0000a116     284 (0000a100)     _T
0000a118     284 (0000a100)     _ravg
0000a11a     284 (0000a100)     _lavg
0000a11c     284 (0000a100)     _Vdc
0000a11e     284 (0000a100)     _wc
0000a120     284 (0000a100)     _Kpi
0000a122     284 (0000a100)     _Kii
0000a124     284 (0000a100)     _dConst
0000a126     284 (0000a100)     _dConst1
0000a128     284 (0000a100)     _wc2
0000a12a     284 (0000a100)     _Gphy0
0000a12c     284 (0000a100)     _wphy
0000a12e     284 (0000a100)     _wz2
0000a130     284 (0000a100)     _Kpv
0000a132     284 (0000a100)     _Kiv
0000a134     284 (0000a100)     _iConst
0000a136     284 (0000a100)     _iConst1
0000a138     284 (0000a100)     _Mv
0000a13a     284 (0000a100)     _time
0000a13c     284 (0000a100)     _oldTime
0000a13e     284 (0000a100)     _speed

0000a140     285 (0000a140)     _filteredSpeed
0000a142     285 (0000a140)     _ThrottleSetPoint
0000a144     285 (0000a140)     _PeakCurrent
0000a146     285 (0000a140)     _trip
0000a148     285 (0000a140)     _delay
0000a14a     285 (0000a140)     _CpuTimer0
0000a152     285 (0000a140)     _CpuTimer1
0000a15a     285 (0000a140)     _CpuTimer2
0000a162     285 (0000a140)     ___TI_enable_exit_profile_output
0000a164     285 (0000a140)     ___TI_cleanup_ptr
0000a166     285 (0000a140)     ___TI_dtors_ptr
0000a168     285 (0000a140)     __lock
0000a16a     285 (0000a140)     __unlock

003d7e80    f5fa (003d7e80)     _PartIdRegs

003f7ff8    fdff (003f7fc0)     _CsmPwl


GLOBAL SYMBOLS: SORTED ALPHABETICALLY BY Name 

page  address   name                            
----  -------   ----                            
0     00008000  .text                           
0     00008d4d  C$$EXIT                         
0     00008c6f  FS$$DIV                         
0     00008391  _ADCINT1_ISR                    
0     00008387  _ADCINT2_ISR                    
0     0000837d  _ADCINT3_ISR                    
0     00008373  _ADCINT4_ISR                    
0     00008369  _ADCINT5_ISR                    
0     0000835f  _ADCINT6_ISR                    
0     00008355  _ADCINT7_ISR                    
0     0000834b  _ADCINT8_ISR                    
0     00008341  _ADCINT9_ISR                    
0     00008950  _AdcChanSelect                  
0     000089a8  _AdcConversion                  
0     00008abc  _AdcOffsetSelfCal               
1     00007100  _AdcRegs                        
1     00000b00  _AdcResult                      
0     00008337  _CLA1_INT1_ISR                  
0     0000832d  _CLA1_INT2_ISR                  
0     00008323  _CLA1_INT3_ISR                  
0     00008319  _CLA1_INT4_ISR                  
0     0000830f  _CLA1_INT5_ISR                  
0     00008305  _CLA1_INT6_ISR                  
0     000082fb  _CLA1_INT7_ISR                  
0     000082f1  _CLA1_INT8_ISR                  
1     00001400  _Cla1Regs                       
1     00006400  _Comp1Regs                      
1     00006420  _Comp2Regs                      
1     00006440  _Comp3Regs                      
1     0000a14a  _CpuTimer0                      
1     00000c00  _CpuTimer0Regs                  
1     0000a152  _CpuTimer1                      
1     00000c08  _CpuTimer1Regs                  
1     0000a15a  _CpuTimer2                      
1     00000c10  _CpuTimer2Regs                  
1     003f7ff8  _CsmPwl                         
1     00000ae0  _CsmRegs                        
0     00008c41  _CsmUnlock                      
0     000082e7  _DATALOG_ISR                    
0     000082dd  _DINTCH1_ISR                    
0     000082d3  _DINTCH2_ISR                    
0     000082c9  _DINTCH3_ISR                    
0     000082bf  _DINTCH4_ISR                    
0     000082b5  _DINTCH5_ISR                    
0     000082ab  _DINTCH6_ISR                    
0     000000cb  _DSP28x_usDelay                 
1     00000880  _DevEmuRegs                     
0     00008b2b  _DisableDog                     
1     00001000  _DmaRegs                        
0     000082a1  _ECAN0INTA_ISR                  
0     00008297  _ECAN1INTA_ISR                  
0     0000828d  _ECAP1_INT_ISR                  
0     00008283  _ECAP2_INT_ISR                  
0     00008279  _ECAP3_INT_ISR                  
1     00006040  _ECanaLAMRegs                   
1     000060c0  _ECanaMOTORegs                  
1     00006080  _ECanaMOTSRegs                  
1     00006100  _ECanaMboxes                    
1     00006000  _ECanaRegs                      
1     00006a00  _ECap1Regs                      
1     00006a20  _ECap2Regs                      
1     00006a40  _ECap3Regs                      
0     0000826c  _EMPTY_ISR                      
0     00008262  _EMUINT_ISR                     
0     00008258  _EPWM1_INT_ISR                  
0     0000824e  _EPWM1_TZINT_ISR                
0     00008244  _EPWM2_INT_ISR                  
0     0000823a  _EPWM2_TZINT_ISR                
0     00008230  _EPWM3_INT_ISR                  
0     00008226  _EPWM3_TZINT_ISR                
0     0000821c  _EPWM4_INT_ISR                  
0     00008212  _EPWM4_TZINT_ISR                
0     00008208  _EPWM5_INT_ISR                  
0     000081fe  _EPWM5_TZINT_ISR                
0     000081f4  _EPWM6_INT_ISR                  
0     000081ea  _EPWM6_TZINT_ISR                
0     000081e0  _EPWM7_INT_ISR                  
0     000081d6  _EPWM7_TZINT_ISR                
0     000081cc  _EPWM8_INT_ISR                  
0     000081c2  _EPWM8_TZINT_ISR                
1     00006800  _EPwm1Regs                      
1     00006840  _EPwm2Regs                      
1     00006880  _EPwm3Regs                      
1     000068c0  _EPwm4Regs                      
1     00006900  _EPwm5Regs                      
1     00006940  _EPwm6Regs                      
1     00006980  _EPwm7Regs                      
1     000069c0  _EPwm8Regs                      
0     000081b8  _EQEP1_INT_ISR                  
0     000081ae  _EQEP2_INT_ISR                  
1     00006b00  _EQep1Regs                      
1     00006b40  _EQep2Regs                      
1     00000d01  _EmuBMode                       
1     00000d00  _EmuKey                         
0     00008d95  _EnableInterrupts               
0     00008c29  _ExtOscSel                      
1     00000a80  _FlashRegs                      
1     00000d04  _Flash_CPUScaleFactor           
1     00000d02  _Flash_CallbackPtr              
1     0000a12a  _Gphy0                          
1     00006f80  _GpioCtrlRegs                   
1     00006fc0  _GpioDataRegs                   
1     00006fe0  _GpioIntRegs                    
0     000081a4  _HRCAP1_INT_ISR                 
0     0000819a  _HRCAP2_INT_ISR                 
0     00008190  _HRCAP3_INT_ISR                 
0     00008186  _HRCAP4_INT_ISR                 
1     00006ac0  _HRCap1Regs                     
1     00006ae0  _HRCap2Regs                     
1     00006c80  _HRCap3Regs                     
1     00006ca0  _HRCap4Regs                     
0     000088ce  _HallA_isr                      
0     0000889d  _HallB_isr                      
0     0000886c  _HallC_isr                      
1     0000a101  _HallCount                      
0     0000817c  _I2CINT1A_ISR                   
0     00008172  _I2CINT2A_ISR                   
1     00007900  _I2caRegs                       
0     00008168  _ILLEGAL_ISR                    
0     0000815e  _INT13_ISR                      
0     00008154  _INT14_ISR                      
0     00008925  _InitAdc                        
0     000088ff  _InitAdcAio                     
0     00008514  _InitEPwm50khz                  
0     00008b85  _InitPeripheralClocks           
0     00008d76  _InitPieCtrl                    
0     00008df1  _InitPieVectTable               
0     00008b33  _InitPll                        
0     00008bfc  _InitPll2                       
0     00008be4  _InitSysCtrl                    
0     00008b1b  _IntOsc1Sel                     
0     00008b07  _IntOsc2Sel                     
1     0000a122  _Kii                            
1     0000a132  _Kiv                            
1     0000a120  _Kpi                            
1     0000a130  _Kpv                            
0     0000814a  _LUF_ISR                        
0     00008140  _LVF_ISR                        
0     00008136  _MRINTA_ISR                     
0     0000812c  _MXINTA_ISR                     
1     00005000  _McbspaRegs                     
1     0000a138  _Mv                             
0     00008122  _NMI_ISR                        
1     00007060  _NmiIntruptRegs                 
0     00008118  _PIE_RESERVED                   
1     003d7e80  _PartIdRegs                     
1     0000a144  _PeakCurrent                    
1     00000ce0  _PieCtrlRegs                    
1     00000d00  _PieVectTable                   
1     0000a000  _PieVectTableInit               
0     0000810e  _RTOSINT_ISR                    
0     00008104  _SCIRXINTA_ISR                  
0     000080fa  _SCIRXINTB_ISR                  
0     000080f0  _SCITXINTA_ISR                  
0     000080e6  _SCITXINTB_ISR                  
0     000080dc  _SPIRXINTA_ISR                  
0     000080d2  _SPIRXINTB_ISR                  
0     000080c8  _SPITXINTA_ISR                  
0     000080be  _SPITXINTB_ISR                  
1     00007050  _SciaRegs                       
1     00007750  _ScibRegs                       
0     00008afd  _ServiceDog                     
1     00007040  _SpiaRegs                       
1     00007740  _SpibRegs                       
1     00007010  _SysCtrlRegs                    
1     00000985  _SysPwrCtrlRegs                 
1     0000a116  _T                              
0     000080b4  _TINT0_ISR                      
1     0000a142  _ThrottleSetPoint               
0     000080aa  _USB0_INT_ISR                   
0     000080a0  _USER10_ISR                     
0     00008096  _USER11_ISR                     
0     0000808c  _USER12_ISR                     
0     00008082  _USER1_ISR                      
0     00008078  _USER2_ISR                      
0     0000806e  _USER3_ISR                      
0     00008064  _USER4_ISR                      
0     0000805a  _USER5_ISR                      
0     00008050  _USER6_ISR                      
0     00008046  _USER7_ISR                      
0     0000803c  _USER8_ISR                      
0     00008032  _USER9_ISR                      
1     00004000  _Usb0Regs                       
1     0000a11c  _Vdc                            
0     00008028  _WAKEINT_ISR                    
0     0000801e  _XINT1_ISR                      
0     00008014  _XINT2_ISR                      
0     0000800a  _XINT3_ISR                      
1     00007070  _XIntruptRegs                   
0     00008ae1  _XtalOscSel                     
1     00000700  __STACK_END                     
abs   00000300  __STACK_SIZE                    
1     0000a164  ___TI_cleanup_ptr               
1     0000a166  ___TI_dtors_ptr                 
1     0000a162  ___TI_enable_exit_profile_output
abs   ffffffff  ___TI_pprof_out_hndl            
abs   ffffffff  ___TI_prof_data_size            
abs   ffffffff  ___TI_prof_data_start           
abs   ffffffff  ___binit__                      
abs   ffffffff  ___c_args__                     
0     00000050  ___cinit__                      
0     00008e16  ___etext__                      
abs   ffffffff  ___pinit__                      
0     00008000  ___text__                       
0     00008ddf  __args_main                     
1     0000a168  __lock                          
0     00008e0a  __nop                           
0     00008e06  __register_lock                 
0     00008e02  __register_unlock               
1     00000400  __stack                         
0     00008e15  __system_post_cinit             
0     00008e13  __system_pre_init               
1     0000a16a  __unlock                        
0     00008d4d  _abort                          
0     000087c8  _adc_isr                        
0     00008cf7  _c_int00                        
0     00008474  _configureADC                   
0     000084b2  _configureGPIO                  
0     0000868a  _controller                     
0     00008d9e  _copy_in                        
0     00008662  _currentController              
1     0000a124  _dConst                         
1     0000a126  _dConst1                        
1     0000a104  _d_0                            
1     0000a106  _d_1                            
1     0000a148  _delay                          
0     000086c0  _epwm1_isr                      
0     00008d4f  _exit                           
1     0000a140  _filteredSpeed                  
1     0000a134  _iConst                         
1     0000a136  _iConst1                        
1     0000a10c  _i_0                            
1     0000a10e  _i_1                            
1     0000a11a  _lavg                           
0     000085e2  _main                           
0     00008dc2  _memcpy                         
1     0000a13c  _oldTime                        
1     0000a102  _previous3pos                   
1     0000a100  _ptest                          
1     0000a118  _ravg                           
0     00008000  _rsvd_ISR                       
0     000083a7  _setGlobals                     
1     0000a13e  _speed                          
0     0000839f  _speedTimerSetUp                
1     0000a108  _te                             
1     0000a10a  _te_1                           
1     0000a114  _test                           
1     0000a13a  _time                           
1     0000a146  _trip                           
0     0000839b  _updateSpeed                    
1     0000a110  _ve                             
1     0000a112  _ve_1                           
1     0000a11e  _wc                             
1     0000a128  _wc2                            
1     0000a12c  _wphy                           
1     0000a12e  _wz2                            
abs   ffffffff  binit                           
0     00000050  cinit                           
0     00000000  code_start                      
0     00008e16  etext                           
abs   ffffffff  pinit                           


GLOBAL SYMBOLS: SORTED BY Symbol Address 

page  address   name                            
----  -------   ----                            
0     00000000  code_start                      
0     00000050  ___cinit__                      
0     00000050  cinit                           
0     000000cb  _DSP28x_usDelay                 
0     00008000  .text                           
0     00008000  ___text__                       
0     00008000  _rsvd_ISR                       
0     0000800a  _XINT3_ISR                      
0     00008014  _XINT2_ISR                      
0     0000801e  _XINT1_ISR                      
0     00008028  _WAKEINT_ISR                    
0     00008032  _USER9_ISR                      
0     0000803c  _USER8_ISR                      
0     00008046  _USER7_ISR                      
0     00008050  _USER6_ISR                      
0     0000805a  _USER5_ISR                      
0     00008064  _USER4_ISR                      
0     0000806e  _USER3_ISR                      
0     00008078  _USER2_ISR                      
0     00008082  _USER1_ISR                      
0     0000808c  _USER12_ISR                     
0     00008096  _USER11_ISR                     
0     000080a0  _USER10_ISR                     
0     000080aa  _USB0_INT_ISR                   
0     000080b4  _TINT0_ISR                      
0     000080be  _SPITXINTB_ISR                  
0     000080c8  _SPITXINTA_ISR                  
0     000080d2  _SPIRXINTB_ISR                  
0     000080dc  _SPIRXINTA_ISR                  
0     000080e6  _SCITXINTB_ISR                  
0     000080f0  _SCITXINTA_ISR                  
0     000080fa  _SCIRXINTB_ISR                  
0     00008104  _SCIRXINTA_ISR                  
0     0000810e  _RTOSINT_ISR                    
0     00008118  _PIE_RESERVED                   
0     00008122  _NMI_ISR                        
0     0000812c  _MXINTA_ISR                     
0     00008136  _MRINTA_ISR                     
0     00008140  _LVF_ISR                        
0     0000814a  _LUF_ISR                        
0     00008154  _INT14_ISR                      
0     0000815e  _INT13_ISR                      
0     00008168  _ILLEGAL_ISR                    
0     00008172  _I2CINT2A_ISR                   
0     0000817c  _I2CINT1A_ISR                   
0     00008186  _HRCAP4_INT_ISR                 
0     00008190  _HRCAP3_INT_ISR                 
0     0000819a  _HRCAP2_INT_ISR                 
0     000081a4  _HRCAP1_INT_ISR                 
0     000081ae  _EQEP2_INT_ISR                  
0     000081b8  _EQEP1_INT_ISR                  
0     000081c2  _EPWM8_TZINT_ISR                
0     000081cc  _EPWM8_INT_ISR                  
0     000081d6  _EPWM7_TZINT_ISR                
0     000081e0  _EPWM7_INT_ISR                  
0     000081ea  _EPWM6_TZINT_ISR                
0     000081f4  _EPWM6_INT_ISR                  
0     000081fe  _EPWM5_TZINT_ISR                
0     00008208  _EPWM5_INT_ISR                  
0     00008212  _EPWM4_TZINT_ISR                
0     0000821c  _EPWM4_INT_ISR                  
0     00008226  _EPWM3_TZINT_ISR                
0     00008230  _EPWM3_INT_ISR                  
0     0000823a  _EPWM2_TZINT_ISR                
0     00008244  _EPWM2_INT_ISR                  
0     0000824e  _EPWM1_TZINT_ISR                
0     00008258  _EPWM1_INT_ISR                  
0     00008262  _EMUINT_ISR                     
0     0000826c  _EMPTY_ISR                      
0     00008279  _ECAP3_INT_ISR                  
0     00008283  _ECAP2_INT_ISR                  
0     0000828d  _ECAP1_INT_ISR                  
0     00008297  _ECAN1INTA_ISR                  
0     000082a1  _ECAN0INTA_ISR                  
0     000082ab  _DINTCH6_ISR                    
0     000082b5  _DINTCH5_ISR                    
0     000082bf  _DINTCH4_ISR                    
0     000082c9  _DINTCH3_ISR                    
0     000082d3  _DINTCH2_ISR                    
0     000082dd  _DINTCH1_ISR                    
0     000082e7  _DATALOG_ISR                    
0     000082f1  _CLA1_INT8_ISR                  
0     000082fb  _CLA1_INT7_ISR                  
0     00008305  _CLA1_INT6_ISR                  
0     0000830f  _CLA1_INT5_ISR                  
0     00008319  _CLA1_INT4_ISR                  
0     00008323  _CLA1_INT3_ISR                  
0     0000832d  _CLA1_INT2_ISR                  
0     00008337  _CLA1_INT1_ISR                  
0     00008341  _ADCINT9_ISR                    
0     0000834b  _ADCINT8_ISR                    
0     00008355  _ADCINT7_ISR                    
0     0000835f  _ADCINT6_ISR                    
0     00008369  _ADCINT5_ISR                    
0     00008373  _ADCINT4_ISR                    
0     0000837d  _ADCINT3_ISR                    
0     00008387  _ADCINT2_ISR                    
0     00008391  _ADCINT1_ISR                    
0     0000839b  _updateSpeed                    
0     0000839f  _speedTimerSetUp                
0     000083a7  _setGlobals                     
0     00008474  _configureADC                   
0     000084b2  _configureGPIO                  
0     00008514  _InitEPwm50khz                  
0     000085e2  _main                           
0     00008662  _currentController              
0     0000868a  _controller                     
0     000086c0  _epwm1_isr                      
0     000087c8  _adc_isr                        
0     0000886c  _HallC_isr                      
0     0000889d  _HallB_isr                      
0     000088ce  _HallA_isr                      
0     000088ff  _InitAdcAio                     
0     00008925  _InitAdc                        
0     00008950  _AdcChanSelect                  
0     000089a8  _AdcConversion                  
0     00008abc  _AdcOffsetSelfCal               
0     00008ae1  _XtalOscSel                     
0     00008afd  _ServiceDog                     
0     00008b07  _IntOsc2Sel                     
0     00008b1b  _IntOsc1Sel                     
0     00008b2b  _DisableDog                     
0     00008b33  _InitPll                        
0     00008b85  _InitPeripheralClocks           
0     00008be4  _InitSysCtrl                    
0     00008bfc  _InitPll2                       
0     00008c29  _ExtOscSel                      
0     00008c41  _CsmUnlock                      
0     00008c6f  FS$$DIV                         
0     00008cf7  _c_int00                        
0     00008d4d  C$$EXIT                         
0     00008d4d  _abort                          
0     00008d4f  _exit                           
0     00008d76  _InitPieCtrl                    
0     00008d95  _EnableInterrupts               
0     00008d9e  _copy_in                        
0     00008dc2  _memcpy                         
0     00008ddf  __args_main                     
0     00008df1  _InitPieVectTable               
0     00008e02  __register_unlock               
0     00008e06  __register_lock                 
0     00008e0a  __nop                           
0     00008e13  __system_pre_init               
0     00008e15  __system_post_cinit             
0     00008e16  ___etext__                      
0     00008e16  etext                           
1     00000400  __stack                         
1     00000700  __STACK_END                     
1     00000880  _DevEmuRegs                     
1     00000985  _SysPwrCtrlRegs                 
1     00000a80  _FlashRegs                      
1     00000ae0  _CsmRegs                        
1     00000b00  _AdcResult                      
1     00000c00  _CpuTimer0Regs                  
1     00000c08  _CpuTimer1Regs                  
1     00000c10  _CpuTimer2Regs                  
1     00000ce0  _PieCtrlRegs                    
1     00000d00  _EmuKey                         
1     00000d00  _PieVectTable                   
1     00000d01  _EmuBMode                       
1     00000d02  _Flash_CallbackPtr              
1     00000d04  _Flash_CPUScaleFactor           
1     00001000  _DmaRegs                        
1     00001400  _Cla1Regs                       
1     00004000  _Usb0Regs                       
1     00005000  _McbspaRegs                     
1     00006000  _ECanaRegs                      
1     00006040  _ECanaLAMRegs                   
1     00006080  _ECanaMOTSRegs                  
1     000060c0  _ECanaMOTORegs                  
1     00006100  _ECanaMboxes                    
1     00006400  _Comp1Regs                      
1     00006420  _Comp2Regs                      
1     00006440  _Comp3Regs                      
1     00006800  _EPwm1Regs                      
1     00006840  _EPwm2Regs                      
1     00006880  _EPwm3Regs                      
1     000068c0  _EPwm4Regs                      
1     00006900  _EPwm5Regs                      
1     00006940  _EPwm6Regs                      
1     00006980  _EPwm7Regs                      
1     000069c0  _EPwm8Regs                      
1     00006a00  _ECap1Regs                      
1     00006a20  _ECap2Regs                      
1     00006a40  _ECap3Regs                      
1     00006ac0  _HRCap1Regs                     
1     00006ae0  _HRCap2Regs                     
1     00006b00  _EQep1Regs                      
1     00006b40  _EQep2Regs                      
1     00006c80  _HRCap3Regs                     
1     00006ca0  _HRCap4Regs                     
1     00006f80  _GpioCtrlRegs                   
1     00006fc0  _GpioDataRegs                   
1     00006fe0  _GpioIntRegs                    
1     00007010  _SysCtrlRegs                    
1     00007040  _SpiaRegs                       
1     00007050  _SciaRegs                       
1     00007060  _NmiIntruptRegs                 
1     00007070  _XIntruptRegs                   
1     00007100  _AdcRegs                        
1     00007740  _SpibRegs                       
1     00007750  _ScibRegs                       
1     00007900  _I2caRegs                       
1     0000a000  _PieVectTableInit               
1     0000a100  _ptest                          
1     0000a101  _HallCount                      
1     0000a102  _previous3pos                   
1     0000a104  _d_0                            
1     0000a106  _d_1                            
1     0000a108  _te                             
1     0000a10a  _te_1                           
1     0000a10c  _i_0                            
1     0000a10e  _i_1                            
1     0000a110  _ve                             
1     0000a112  _ve_1                           
1     0000a114  _test                           
1     0000a116  _T                              
1     0000a118  _ravg                           
1     0000a11a  _lavg                           
1     0000a11c  _Vdc                            
1     0000a11e  _wc                             
1     0000a120  _Kpi                            
1     0000a122  _Kii                            
1     0000a124  _dConst                         
1     0000a126  _dConst1                        
1     0000a128  _wc2                            
1     0000a12a  _Gphy0                          
1     0000a12c  _wphy                           
1     0000a12e  _wz2                            
1     0000a130  _Kpv                            
1     0000a132  _Kiv                            
1     0000a134  _iConst                         
1     0000a136  _iConst1                        
1     0000a138  _Mv                             
1     0000a13a  _time                           
1     0000a13c  _oldTime                        
1     0000a13e  _speed                          
1     0000a140  _filteredSpeed                  
1     0000a142  _ThrottleSetPoint               
1     0000a144  _PeakCurrent                    
1     0000a146  _trip                           
1     0000a148  _delay                          
1     0000a14a  _CpuTimer0                      
1     0000a152  _CpuTimer1                      
1     0000a15a  _CpuTimer2                      
1     0000a162  ___TI_enable_exit_profile_output
1     0000a164  ___TI_cleanup_ptr               
1     0000a166  ___TI_dtors_ptr                 
1     0000a168  __lock                          
1     0000a16a  __unlock                        
1     003d7e80  _PartIdRegs                     
1     003f7ff8  _CsmPwl                         
abs   00000300  __STACK_SIZE                    
abs   ffffffff  ___TI_pprof_out_hndl            
abs   ffffffff  ___TI_prof_data_size            
abs   ffffffff  ___TI_prof_data_start           
abs   ffffffff  ___binit__                      
abs   ffffffff  ___c_args__                     
abs   ffffffff  ___pinit__                      
abs   ffffffff  binit                           
abs   ffffffff  pinit                           

[261 symbols]
